[bulkit.cssninja.io/landing.html]
[backblue.gif]
[fade.gif]
[index.html]
[bulkit.cssninja.io/assets/images/favicon.png]
[bulkit.cssninja.io/assets/css/bulma.css]
[bulkit.cssninja.io/assets/css/core.css]
[bulkit.cssninja.io/assets/js/slick-carousel/slick.css]
[bulkit.cssninja.io/assets/js/slick-carousel/slick-theme.css]
[bulkit.cssninja.io/assets/js/ggpopover/ggtooltip.css]
[bulkit.cssninja.io/assets/css/icons.min.css]
[bulkit.cssninja.io/assets/images/logos/bulkit-w.png]
[bulkit.cssninja.io/landing-features.html]
[bulkit.cssninja.io/landing-pricing.html]
[bulkit.cssninja.io/landing-login.html]
[bulkit.cssninja.io/landing-signup.html]
[bulkit.cssninja.io/assets/images/illustrations/UI/projects.png]
[bulkit.cssninja.io/landing-v3-pricing.html]
[bulkit.cssninja.io/assets/images/photos/kit1/event1.jpg]
[bulkit.cssninja.io/assets/images/photos/kit1/event2.jpg]
[bulkit.cssninja.io/assets/images/avatars/carolin.png]
[bulkit.cssninja.io/assets/images/avatars/terry.jpg]
[bulkit.cssninja.io/assets/images/avatars/stella.jpg]
[bulkit.cssninja.io/assets/images/logos/bulkit-logo-w.png]
[bulkit.cssninja.io/agency.html]
[bulkit.cssninja.io/agency-about.html]
[bulkit.cssninja.io/agency-portfolio.html]
[bulkit.cssninja.io/agency-contact.html]
[bulkit.cssninja.io/agency-blog.html]
[bulkit.cssninja.io/agency-post-sidebar.html]
[bulkit.cssninja.io/agency-post-nosidebar.html]
[bulkit.cssninja.io/startup.html]
[bulkit.cssninja.io/startup-about.html]
[bulkit.cssninja.io/startup-product.html]
[bulkit.cssninja.io/startup-contact.html]
[bulkit.cssninja.io/startup-login.html]
[bulkit.cssninja.io/startup-signup.html]
[bulkit.cssninja.io/landing-v1.html]
[bulkit.cssninja.io/landing-v1-features.html]
[bulkit.cssninja.io/landing-v1-pricing.html]
[bulkit.cssninja.io/landing-v1-login.html]
[bulkit.cssninja.io/landing-v1-signup.html]
[bulkit.cssninja.io/landing-v2.html]
[bulkit.cssninja.io/landing-v2-features.html]
[bulkit.cssninja.io/landing-v2-pricing.html]
[bulkit.cssninja.io/landing-v2-login.html]
[bulkit.cssninja.io/landing-v2-signup.html]
[bulkit.cssninja.io/landing-v3.html]
[bulkit.cssninja.io/landing-v3-help.html]
[bulkit.cssninja.io/landing-v3-help-category.html]
[bulkit.cssninja.io/landing-v3-help-article.html]
[bulkit.cssninja.io/landing-v3-signup.html]
[bulkit.cssninja.io/landing-v3-login.html]
[bulkit.cssninja.io/_components-layout-grid.html]
[bulkit.cssninja.io/_components-layout-navbars.html]
[bulkit.cssninja.io/_components-layout-video.html]
[bulkit.cssninja.io/_components-layout-parallax.html]
[bulkit.cssninja.io/_components-layout-headers.html]
[bulkit.cssninja.io/_components-layout-footers.html]
[bulkit.cssninja.io/_components-layout-typography.html]
[bulkit.cssninja.io/_components-layout-colors.html]
[bulkit.cssninja.io/_components-sections-features.html]
[bulkit.cssninja.io/_components-sections-pricing.html]
[bulkit.cssninja.io/_components-sections-team.html]
[bulkit.cssninja.io/_components-sections-testimonials.html]
[bulkit.cssninja.io/_components-sections-clients.html]
[bulkit.cssninja.io/_components-sections-counters.html]
[bulkit.cssninja.io/_components-sections-carousel.html]
[bulkit.cssninja.io/_components-basicui-cards.html]
[bulkit.cssninja.io/_components-basicui-buttons.html]
[bulkit.cssninja.io/_components-basicui-dropdowns.html]
[bulkit.cssninja.io/_components-basicui-lists.html]
[bulkit.cssninja.io/_components-basicui-modals.html]
[bulkit.cssninja.io/_components-basicui-tabs.html]
[bulkit.cssninja.io/_components-basicui-accordion.html]
[bulkit.cssninja.io/_components-basicui-badges.html]
[bulkit.cssninja.io/_components-basicui-popups.html]
[bulkit.cssninja.io/_components-advancedui-tables.html]
[bulkit.cssninja.io/_components-advancedui-timeline.html]
[bulkit.cssninja.io/_components-advancedui-boxes.html]
[bulkit.cssninja.io/_components-advancedui-messages.html]
[bulkit.cssninja.io/_components-forms-inputs.html]
[bulkit.cssninja.io/_components-forms-controls.html]
[bulkit.cssninja.io/_components-forms-layouts.html]
[bulkit.cssninja.io/_components-forms-uploader.html]
[bulkit.cssninja.io/_components-icons-sl.html]
[bulkit.cssninja.io/_components-icons-im.html]
[bulkit.cssninja.io/_components-icons-fa.html]
[bulkit.cssninja.io/dashboard.html]
[bulkit.cssninja.io/dashboard-dark-nav.html]
[bulkit.cssninja.io/dashboard-blank.html]
[bulkit.cssninja.io/dashboard-chartjs.html]
[bulkit.cssninja.io/dashboard-billboardjs.html]
[bulkit.cssninja.io/dashboard-peityjs.html]
[bulkit.cssninja.io/dashboard-widgets-data.html]
[bulkit.cssninja.io/dashboard-widgets-social.html]
[bulkit.cssninja.io/dashboard-feed.html]
[bulkit.cssninja.io/dashboard-feed-post.html]
[bulkit.cssninja.io/dashboard-login.html]
[bulkit.cssninja.io/assets/js/core/modernizr.min.js]
[bulkit.cssninja.io/assets/js/core/jquery.min.js]
[bulkit.cssninja.io/assets/js/slick-carousel/slick.min.js]
[bulkit.cssninja.io/assets/js/ggpopover/ggtooltip.js]
[bulkit.cssninja.io/assets/js/scrollreveal/scrollreveal.min.js]
[bulkit.cssninja.io/assets/js/main.js]
[bulkit.cssninja.io/assets/js/pages/landing.js]
[bulkit.cssninja.io/landing.html]
[bulkit.cssninja.io/assets/css/bulma.css]
[bulkit.cssninja.io/assets/css/core.css]
[bulkit.cssninja.io/assets/js/slick-carousel/slick.css]
[bulkit.cssninja.io/assets/js/slick-carousel/ajax-loader.gif]
[bulkit.cssninja.io/assets/js/slick-carousel/fonts/slick.eot]
[bulkit.cssninja.io/assets/js/slick-carousel/fonts/slickd41d.eot]
[bulkit.cssninja.io/assets/js/slick-carousel/fonts/slick.woff]
[bulkit.cssninja.io/assets/js/slick-carousel/fonts/slick.ttf]
[bulkit.cssninja.io/assets/js/slick-carousel/slick-theme.css]
[bulkit.cssninja.io/assets/js/ggpopover/ggtooltip.css]
[bulkit.cssninja.io/assets/fonts/simple-line-iconsc05f.ttf]
[bulkit.cssninja.io/assets/fonts/iconsmindca27.woff]
[bulkit.cssninja.io/assets/fonts/material-icons/MaterialIcons-Regular.eot]
[bulkit.cssninja.io/assets/fonts/material-icons/MaterialIcons-Regular.woff]
[bulkit.cssninja.io/assets/fonts/material-icons/MaterialIcons-Regular.ttf]
[bulkit.cssninja.io/assets/css/icons.min.css]
[bulkit.cssninja.io/assets/images/illustrations/mockups/startup/macbook-phone.png]
[bulkit.cssninja.io/assets/images/illustrations/UI/create-project.png]
[bulkit.cssninja.io/assets/images/illustrations/UI/attach-files.png]
[bulkit.cssninja.io/assets/images/illustrations/UI/access-rights.png]
[bulkit.cssninja.io/assets/images/illustrations/mockups/startup/project-ui.png]
[bulkit.cssninja.io/assets/images/illustrations/mockups/startup/search.png]
[bulkit.cssninja.io/assets/images/illustrations/mockups/startup/activity-chart.png]
[bulkit.cssninja.io/assets/images/illustrations/mockups/startup/tiles.png]
[bulkit.cssninja.io/assets/images/photos/posts/data-insight.jpg]
[bulkit.cssninja.io/assets/images/photos/posts/laptop-living.jpg]
[bulkit.cssninja.io/assets/images/photos/posts/woman-glasses-back.jpg]
[bulkit.cssninja.io/assets/js/embed/embed.js]
[bulkit.cssninja.io/landing-features.html]
[bulkit.cssninja.io/landing-pricing.html]
[bulkit.cssninja.io/assets/images/logos/bulkit-logo.png]
[bulkit.cssninja.io/assets/js/pages/auth.js]
[bulkit.cssninja.io/landing-login.html]
[bulkit.cssninja.io/landing-signup.html]
[bulkit.cssninja.io/assets/images/illustrations/drawings/teamwork.svg]
[bulkit.cssninja.io/assets/images/illustrations/drawings/stats.svg]
[bulkit.cssninja.io/assets/images/illustrations/drawings/full-team.svg]
[bulkit.cssninja.io/assets/images/logos/custom/gutwork.svg]
[bulkit.cssninja.io/assets/images/logos/custom/phasekit.svg]
[bulkit.cssninja.io/assets/images/logos/custom/grubspot.svg]
[bulkit.cssninja.io/assets/images/logos/custom/taskbot.svg]
[bulkit.cssninja.io/assets/images/logos/custom/systek.svg]
[bulkit.cssninja.io/assets/images/logos/custom/infinite.svg]
[bulkit.cssninja.io/assets/images/logos/custom/tribe.svg]
[bulkit.cssninja.io/assets/images/logos/custom/powerball.svg]
[bulkit.cssninja.io/assets/images/logos/custom/kromo.svg]
[bulkit.cssninja.io/assets/images/logos/custom/covenant.svg]
[bulkit.cssninja.io/assets/images/logos/custom/bitbreaker.svg]
[bulkit.cssninja.io/assets/images/logos/custom/evently.svg]
[bulkit.cssninja.io/assets/images/logos/custom/proactive.svg]
[bulkit.cssninja.io/assets/images/logos/custom/transfuseio.svg]
[bulkit.cssninja.io/assets/images/logos/custom/livetalk.svg]
[bulkit.cssninja.io/assets/css/core_lemonade.css]
[bulkit.cssninja.io/assets/images/logos/bulkit-logo-lemonade.png]
[bulkit.cssninja.io/assets/images/illustrations/mockups/landing3/hrbg.png]
[bulkit.cssninja.io/assets/images/logos/bulkit-logo-g.png]
[bulkit.cssninja.io/assets/js/pages/landingv3.js]
[bulkit.cssninja.io/landing-v3-pricing.html]
[bulkit.cssninja.io/assets/images/photos/kit1/event3.svg]
[bulkit.cssninja.io/features.html]
[bulkit.cssninja.io/contact.html]
[bulkit.cssninja.io/assets/images/logos/square-white.svg]
[bulkit.cssninja.io/assets/images/logos/cssninja.svg]
[bulkit.cssninja.io/assets/css/core_flashy.css]
[bulkit.cssninja.io/assets/js/wallop/wallop.css]
[bulkit.cssninja.io/assets/js/wallop/wallop--scale.css]
[bulkit.cssninja.io/assets/images/bg/agency/agency.jpg]
[bulkit.cssninja.io/assets/images/bg/agency/agency2.jpg]
[bulkit.cssninja.io/assets/images/bg/agency/agency3.jpg]
[bulkit.cssninja.io/assets/images/photos/agency/coffee-long.jpg]
[bulkit.cssninja.io/assets/images/photos/agency/ceramic.jpg]
[bulkit.cssninja.io/assets/images/photos/agency/tin.jpg]
[bulkit.cssninja.io/assets/images/photos/agency/poster.jpg]
[bulkit.cssninja.io/assets/images/photos/agency/office-brand.jpg]
[bulkit.cssninja.io/assets/images/photos/agency/frame.jpg]
[bulkit.cssninja.io/assets/images/photos/agency/iphonex.jpg]
[bulkit.cssninja.io/assets/images/photos/team/one.jpg]
[bulkit.cssninja.io/assets/images/photos/team/two.jpg]
[bulkit.cssninja.io/assets/images/photos/team/three.jpg]
[bulkit.cssninja.io/assets/images/photos/testimonials/man-1.png]
[bulkit.cssninja.io/assets/images/photos/testimonials/man-1-avatar.jpg]
[bulkit.cssninja.io/assets/images/photos/testimonials/woman.png]
[bulkit.cssninja.io/assets/images/photos/testimonials/woman-avatar.jpg]
[bulkit.cssninja.io/assets/images/photos/testimonials/man-2.png]
[bulkit.cssninja.io/assets/images/photos/testimonials/man-2-avatar.jpg]
[bulkit.cssninja.io/assets/images/avatars/alan.jpg]
[bulkit.cssninja.io/assets/images/avatars/helen.jpg]
[bulkit.cssninja.io/assets/images/photos/posts/blog.jpg]
[bulkit.cssninja.io/assets/images/avatars/elie.jpg]
[bulkit.cssninja.io/assets/images/logos/bulkit-logo-green-w.png]
[bulkit.cssninja.io/assets/js/wallop/Wallop.min.js]
[bulkit.cssninja.io/assets/js/waypoints/jquery.waypoints.min.js]
[bulkit.cssninja.io/assets/js/counterup/jquery.counterup.min.js]
[bulkit.cssninja.io/assets/js/pages/agency.js]
[bulkit.cssninja.io/agency.html]
[bulkit.cssninja.io/agency-about.html]
[bulkit.cssninja.io/assets/images/logos/bulkit-logo-green.png]
[bulkit.cssninja.io/agency-portfolio.html]
[bulkit.cssninja.io/assets/js/gmapjs/gmap.min.js]
[bulkit.cssninja.io/assets/js/pages/contact.js]
[bulkit.cssninja.io/agency-contact.html]
[bulkit.cssninja.io/assets/images/photos/posts/post1.jpg]
[bulkit.cssninja.io/assets/images/photos/posts/post2.jpg]
[bulkit.cssninja.io/assets/images/photos/posts/post3.jpg]
[bulkit.cssninja.io/assets/images/avatars/marc.jpg]
[bulkit.cssninja.io/agency-blog.html]
[bulkit.cssninja.io/assets/images/photos/posts/post-image.png]
[bulkit.cssninja.io/assets/images/avatars/russel.jpg]
[bulkit.cssninja.io/assets/images/avatars/lakisha.jpg]
[bulkit.cssninja.io/assets/images/avatars/john.jpg]
[bulkit.cssninja.io/assets/images/avatars/william.jpg]
[bulkit.cssninja.io/assets/images/avatars/elisabeth.jpg]
[bulkit.cssninja.io/assets/images/avatars/melany.jpg]
[bulkit.cssninja.io/agency-post-sidebar.html]
[bulkit.cssninja.io/agency-post-nosidebar.html]
[bulkit.cssninja.io/assets/js/wallop/wallop--fade.css]
[bulkit.cssninja.io/assets/images/bg/startup/meetup.jpg]
[bulkit.cssninja.io/assets/images/bg/startup/meetup2.jpg]
[bulkit.cssninja.io/assets/images/bg/startup/meetup3.jpg]
[bulkit.cssninja.io/assets/images/illustrations/UI/analytic-widgets.png]
[bulkit.cssninja.io/assets/images/illustrations/UI/app-mockup.png]
[bulkit.cssninja.io/assets/images/photos/startup/team.png]
[bulkit.cssninja.io/assets/images/illustrations/UI/add-docs.png]
[bulkit.cssninja.io/assets/images/illustrations/UI/bars.png]
[bulkit.cssninja.io/assets/images/illustrations/UI/table.png]
[bulkit.cssninja.io/assets/images/avatars/dan.png]
[bulkit.cssninja.io/assets/images/avatars/jane.jpg]
[bulkit.cssninja.io/assets/images/avatars/anthony.jpg]
[bulkit.cssninja.io/assets/js/pages/startup.js]
[bulkit.cssninja.io/startup.html]
[bulkit.cssninja.io/assets/images/photos/startup/founders.png]
[bulkit.cssninja.io/assets/images/photos/team/startup-t3.jpg]
[bulkit.cssninja.io/assets/images/photos/team/startup-t6.jpg]
[bulkit.cssninja.io/assets/images/photos/team/startup-t4.jpg]
[bulkit.cssninja.io/assets/images/photos/team/startup-t1.jpg]
[bulkit.cssninja.io/assets/images/photos/team/startup-t5.jpg]
[bulkit.cssninja.io/assets/images/photos/team/startup-t2.jpg]
[bulkit.cssninja.io/assets/images/avatars/kareem.jpg]
[bulkit.cssninja.io/assets/images/avatars/jeffrey.jpg]
[bulkit.cssninja.io/assets/images/avatars/sally.jpg]
[bulkit.cssninja.io/startup-about.html]
[bulkit.cssninja.io/assets/images/illustrations/UI/globalytics.png]
[bulkit.cssninja.io/assets/images/illustrations/mockups/startup/ipads.png]
[bulkit.cssninja.io/startup-product.html]
[bulkit.cssninja.io/startup-contact.html]
[bulkit.cssninja.io/assets/images/bg/startup/laptop-mockup.jpg]
[bulkit.cssninja.io/startup-login.html]
[bulkit.cssninja.io/startup-signup.html]
[bulkit.cssninja.io/assets/css/core_green.css]
[bulkit.cssninja.io/assets/images/illustrations/mockups/landing1/macbook-app.png]
[bulkit.cssninja.io/assets/images/illustrations/mockups/landing1/opportunities.png]
[bulkit.cssninja.io/assets/images/illustrations/mockups/landing1/invoices.png]
[bulkit.cssninja.io/assets/images/illustrations/mockups/landing1/reports.png]
[bulkit.cssninja.io/assets/images/illustrations/mockups/landing1/taxes.png]
[bulkit.cssninja.io/assets/js/pages/landingv1.js]
[bulkit.cssninja.io/landing-v1.html]
[bulkit.cssninja.io/assets/images/illustrations/mockups/landing1/macbook-app2.png]
[bulkit.cssninja.io/assets/images/avatars/henry.jpg]
[bulkit.cssninja.io/assets/images/avatars/alex.jpg]
[bulkit.cssninja.io/landing-v1-features.html]
[bulkit.cssninja.io/landing-v1-pricing.html]
[bulkit.cssninja.io/landing-v1-login.html]
[bulkit.cssninja.io/landing-v1-signup.html]
[bulkit.cssninja.io/assets/css/core_deep-blue.css]
[bulkit.cssninja.io/assets/images/illustrations/mockups/landing2/macbook-chat.png]
[bulkit.cssninja.io/assets/images/photos/testimonials/adam_bradley.jpg]
[bulkit.cssninja.io/assets/images/photos/testimonials/evelyne_dwyers.jpg]
[bulkit.cssninja.io/assets/images/photos/testimonials/joel_zimmerman.jpg]
[bulkit.cssninja.io/assets/images/logos/bulkit-logo-deep-blue.png]
[bulkit.cssninja.io/assets/js/vivus/vivus.min.js]
[bulkit.cssninja.io/assets/js/pages/landingv2.js]
[bulkit.cssninja.io/landing-v2.html]
[bulkit.cssninja.io/assets/images/illustrations/mockups/landing2/macbook-chat2.png]
[bulkit.cssninja.io/assets/images/illustrations/mockups/landing2/cards-data.png]
[bulkit.cssninja.io/assets/images/illustrations/mockups/landing2/customers.png]
[bulkit.cssninja.io/assets/images/illustrations/mockups/landing2/ticket-management.png]
[bulkit.cssninja.io/assets/images/illustrations/mockups/landing2/stats.png]
[bulkit.cssninja.io/landing-v2-features.html]
[bulkit.cssninja.io/landing-v2-pricing.html]
[bulkit.cssninja.io/landing-v2-login.html]
[bulkit.cssninja.io/landing-v2-signup.html]
[bulkit.cssninja.io/assets/images/illustrations/mockups/landing3/hrapp.png]
[bulkit.cssninja.io/assets/images/illustrations/mockups/landing3/jobs.png]
[bulkit.cssninja.io/assets/images/illustrations/mockups/landing3/employees.png]
[bulkit.cssninja.io/assets/images/illustrations/mockups/landing3/roles.png]
[bulkit.cssninja.io/assets/images/illustrations/mockups/landing3/collaborate.png]
[bulkit.cssninja.io/assets/images/illustrations/mockups/landing3/integrate.png]
[bulkit.cssninja.io/assets/js/pages/components-modals.js]
[bulkit.cssninja.io/landing-v3.html]
[bulkit.cssninja.io/assets/images/logos/bulkit-w-2.png]
[bulkit.cssninja.io/assets/images/avatars/nicole.jpg]
[bulkit.cssninja.io/landing-v3-help.html]
[bulkit.cssninja.io/landing-v3-help-category.html]
[bulkit.cssninja.io/landing-v3-help-article.html]
[bulkit.cssninja.io/landing-v3-signup.html]
[bulkit.cssninja.io/landing-v3-login.html]
[bulkit.cssninja.io/assets/css/core_demo.css]
[bulkit.cssninja.io/index.html]
[bulkit.cssninja.io/assets/js/pages/demo.js]
[bulkit.cssninja.io/_components-layout-grid.html]
[bulkit.cssninja.io/_components-layout-navbars.html]
[bulkit.cssninja.io/assets/js/covervid/video/hands.webm]
[bulkit.cssninja.io/assets/js/covervid/video/hands.mp4]
[bulkit.cssninja.io/assets/js/covervid/covervid.min.js]
[bulkit.cssninja.io/_components-layout-video.html]
[bulkit.cssninja.io/_components-layout-parallax.html]
[bulkit.cssninja.io/_components-layout-headers.html]
[bulkit.cssninja.io/_components-layout-footers.html]
[bulkit.cssninja.io/_components-layout-typography.html]
[bulkit.cssninja.io/_components-layout-colors.html]
[bulkit.cssninja.io/assets/images/avatars/matt.jpg]
[bulkit.cssninja.io/assets/images/illustrations/mockups/landing3/hipboard.png]
[bulkit.cssninja.io/_components-sections-features.html]
[bulkit.cssninja.io/_components-sections-pricing.html]
[bulkit.cssninja.io/_components-sections-team.html]
[bulkit.cssninja.io/_components-sections-testimonials.html]
[bulkit.cssninja.io/_components-sections-clients.html]
[bulkit.cssninja.io/_components-sections-counters.html]
[bulkit.cssninja.io/assets/images/photos/flat/cactus.png]
[bulkit.cssninja.io/assets/images/photos/flat/ice-mountains.png]
[bulkit.cssninja.io/assets/images/photos/flat/big-moon.jpg]
[bulkit.cssninja.io/assets/images/photos/flat/moon-mountains.png]
[bulkit.cssninja.io/assets/images/logos/stacks/jquery.png]
[bulkit.cssninja.io/assets/images/logos/stacks/angular.png]
[bulkit.cssninja.io/assets/images/logos/stacks/meteor.png]
[bulkit.cssninja.io/assets/images/logos/stacks/vuejs.png]
[bulkit.cssninja.io/assets/images/logos/stacks/rails.png]
[bulkit.cssninja.io/_components-sections-carousel.html]
[bulkit.cssninja.io/assets/js/ggpopover/ggpopover.css]
[bulkit.cssninja.io/assets/js/highlightjs/style.css]
[bulkit.cssninja.io/assets/images/photos/flat/moon.png]
[bulkit.cssninja.io/assets/images/photos/flat/mountain-sunset.png]
[bulkit.cssninja.io/assets/images/photos/flat/working.png]
[bulkit.cssninja.io/assets/images/avatars/janet.jpg]
[bulkit.cssninja.io/assets/js/scrollspy/scrollspy.min.js]
[bulkit.cssninja.io/assets/js/waypoints/sticky.min.js]
[bulkit.cssninja.io/_components-basicui-cards.html]
[bulkit.cssninja.io/_components-basicui-buttons.html]
[bulkit.cssninja.io/assets/js/highlightjs/highlight.pack.js]
[bulkit.cssninja.io/assets/js/jqdropdown/jquery.dropdown.css]
[bulkit.cssninja.io/assets/js/jqdropdown/jquery.dropdown.min.js]
[bulkit.cssninja.io/_components-basicui-dropdowns.html]
[bulkit.cssninja.io/assets/images/logos/logo-grayscale.png]
[bulkit.cssninja.io/_components-basicui-lists.html]
[bulkit.cssninja.io/assets/js/chosen/chosen.css]
[bulkit.cssninja.io/assets/images/photos/posts/woman-glasses.jpg]
[bulkit.cssninja.io/assets/js/chosen/chosen.jquery.min.js]
[bulkit.cssninja.io/_components-basicui-modals.html]
[bulkit.cssninja.io/_components-basicui-tabs.html]
[bulkit.cssninja.io/assets/js/pages/components-accordion.js]
[bulkit.cssninja.io/_components-basicui-accordion.html]
[bulkit.cssninja.io/_components-basicui-badges.html]
[bulkit.cssninja.io/assets/js/ggpopover/ggpopover.min.js]
[bulkit.cssninja.io/_components-basicui-popups.html]
[bulkit.cssninja.io/_components-advancedui-tables.html]
[bulkit.cssninja.io/_components-advancedui-timeline.html]
[bulkit.cssninja.io/_components-advancedui-boxes.html]
[bulkit.cssninja.io/assets/js/iziToast/iziToast.min.css]
[bulkit.cssninja.io/assets/js/iziToast/iziToast.min.js]
[bulkit.cssninja.io/assets/js/pages/components-toasts.js]
[bulkit.cssninja.io/_components-advancedui-messages.html]
[bulkit.cssninja.io/assets/js/tagsinput/jquery.tags.input.css]
[bulkit.cssninja.io/assets/js/datepicker/datepicker.css]
[bulkit.cssninja.io/assets/js/datedropper/datedropper.css]
[bulkit.cssninja.io/assets/js/datedropper/datedropper-theme.css]
[bulkit.cssninja.io/assets/js/wickedpicker/wickedpicker.min.css]
[bulkit.cssninja.io/assets/js/timedropper/timedropper.css]
[bulkit.cssninja.io/assets/js/easyAutocomplete/easy-autocomplete.css]
[bulkit.cssninja.io/assets/js/easyAutocomplete/jquery.easy-autocomplete.min.js]
[bulkit.cssninja.io/assets/js/tagsinput/jquery.tags.input.js]
[bulkit.cssninja.io/assets/js/datepicker/datepicker.min.js]
[bulkit.cssninja.io/assets/js/datedropper/datedropper.min.js]
[bulkit.cssninja.io/assets/js/wickedpicker/wickedpicker.min.js]
[bulkit.cssninja.io/assets/js/timedropper/timedropper.min.js]
[bulkit.cssninja.io/assets/js/pages/components-inputs.js]
[bulkit.cssninja.io/assets/js/pages/components-range.js]
[bulkit.cssninja.io/_components-forms-inputs.html]
[bulkit.cssninja.io/assets/js/pages/components-fileinput.js]
[bulkit.cssninja.io/_components-forms-controls.html]
[bulkit.cssninja.io/_components-forms-layouts.html]
[bulkit.cssninja.io/assets/js/fileuploader/jquery.fileuploader.min.css]
[bulkit.cssninja.io/assets/js/fileuploader/jquery.fileuploader.min.js]
[bulkit.cssninja.io/assets/js/fileuploader/fileuploader.init.js]
[bulkit.cssninja.io/_components-forms-uploader.html]
[bulkit.cssninja.io/_components-icons-im.html]
[bulkit.cssninja.io/_components-icons-sl.html]
[bulkit.cssninja.io/_components-icons-fa.html]
[bulkit.cssninja.io/assets/js/jqvmap/jqvmap.min.css]
[bulkit.cssninja.io/assets/css/dashboard.css]
[bulkit.cssninja.io/assets/images/avatars/arthur.jpg]
[bulkit.cssninja.io/assets/images/avatars/ben.jpg]
[bulkit.cssninja.io/assets/images/avatars/sayid.jpg]
[bulkit.cssninja.io/assets/js/peity/peity.min.js]
[bulkit.cssninja.io/assets/js/chartjs/Chart.bundle.min.js]
[bulkit.cssninja.io/assets/js/jqvmap/jquery.vmap.js]
[bulkit.cssninja.io/assets/js/jqvmap/maps/jquery.vmap.usa.js]
[bulkit.cssninja.io/assets/js/jqvmap/data/jquery.vmap.sampledata.js]
[bulkit.cssninja.io/assets/js/common.js]
[bulkit.cssninja.io/assets/js/pages/dashboard.js]
[bulkit.cssninja.io/assets/js/pages/components-quickview.js]
[bulkit.cssninja.io/dashboard.html]
[bulkit.cssninja.io/dashboard-dark-nav.html]
[bulkit.cssninja.io/dashboard-blank.html]
[bulkit.cssninja.io/dashboard-chartjs.html]
[bulkit.cssninja.io/assets/js/billboardjs/billboard.min.css]
[bulkit.cssninja.io/assets/js/d3js/d3.min.js]
[bulkit.cssninja.io/dashboard-billboardjs.html]
[bulkit.cssninja.io/dashboard-peityjs.html]
[bulkit.cssninja.io/assets/js/billboardjs/billboard.min.js]
[bulkit.cssninja.io/assets/images/avatars/fred.jpg]
[bulkit.cssninja.io/assets/images/avatars/thomas.jpg]
[bulkit.cssninja.io/dashboard-widgets-data.html]
[bulkit.cssninja.io/assets/images/photos/flat/social1.png]
[bulkit.cssninja.io/dashboard-widgets-social.html]
[bulkit.cssninja.io/assets/images/photos/posts/s1.jpg]
[bulkit.cssninja.io/dashboard-feed.html]
[bulkit.cssninja.io/assets/images/photos/posts/feed-post-1.jpg]
[bulkit.cssninja.io/assets/images/avatars/betty.jpg]
[bulkit.cssninja.io/dashboard-feed-post.html]
[bulkit.cssninja.io/dashboard-login.html]
[bulkit.cssninja.io/assets/images/illustrations/icons/landing-v1/chrono.svg]
[bulkit.cssninja.io/assets/images/illustrations/icons/landing-v1/tablet-dots.svg]
[bulkit.cssninja.io/assets/images/illustrations/icons/landing-v1/cog.svg]
[bulkit.cssninja.io/assets/images/illustrations/icons/landing-v1/plane.svg]
[bulkit.cssninja.io/assets/js/slick-carousel/fonts/slick.svg]
[bulkit.cssninja.io/assets/fonts/fontawesome-webfont5b62.html]
[bulkit.cssninja.io/assets/fonts/fontawesome-webfontd41d.html]
[bulkit.cssninja.io/assets/fonts/fontawesome-webfont5b62-2.html]
[bulkit.cssninja.io/assets/fonts/fontawesome-webfont5b62-3.html]
[bulkit.cssninja.io/assets/fonts/fontawesome-webfont5b62-4.html]
[bulkit.cssninja.io/assets/fonts/fontawesome-webfont5b62-5.html]
[bulkit.cssninja.io/assets/fonts/simple-line-iconsc05f.html]
[bulkit.cssninja.io/assets/fonts/simple-line-iconsc05f-2.html]
[bulkit.cssninja.io/assets/fonts/simple-line-iconsc05f-3.html]
[bulkit.cssninja.io/assets/fonts/iconsmindca27.html]
[bulkit.cssninja.io/assets/fonts/iconsmindd41d.html]
[bulkit.cssninja.io/assets/fonts/iconsmindca27-2.html]
[bulkit.cssninja.io/assets/fonts/iconsmindca27-3.html]
[bulkit.cssninja.io/assets/fonts/material-icons/MaterialIcons-Regular.html]
[bulkit.cssninja.io/assets/css/core_lemonade.css]
[bulkit.cssninja.io/assets/images/illustrations/drawings/20percent.svg]
[bulkit.cssninja.io/assets/images/illustrations/drawings/city.svg]
[bulkit.cssninja.io/assets/css/core_flashy.css]
[bulkit.cssninja.io/assets/js/wallop/wallop.css]
[bulkit.cssninja.io/assets/js/wallop/wallop--scale.css]
[bulkit.cssninja.io/category.html]
[bulkit.cssninja.io/post.html]
[bulkit.cssninja.io/assets/js/wallop/wallop--fade.css]
[bulkit.cssninja.io/assets/images/illustrations/icons/startup/lifesaver.svg]
[bulkit.cssninja.io/assets/images/illustrations/icons/startup/wallet.svg]
[bulkit.cssninja.io/assets/images/illustrations/icons/startup/building.svg]
[bulkit.cssninja.io/assets/images/logos/brands/asana.svg]
[bulkit.cssninja.io/assets/images/logos/brands/github-icon.svg]
[bulkit.cssninja.io/assets/images/logos/brands/slack.svg]
[bulkit.cssninja.io/assets/images/logos/brands/taiga.svg]
[bulkit.cssninja.io/assets/images/logos/brands/zendesk.svg]
[bulkit.cssninja.io/assets/images/logos/brands/campfire.svg]
[bulkit.cssninja.io/_components-layout-slider.html]
[bulkit.cssninja.io/assets/css/core_green.css]
[bulkit.cssninja.io/assets/images/illustrations/icons/landing-v1/business-ready.svg]
[bulkit.cssninja.io/assets/images/illustrations/icons/landing-v1/wallet.svg]
[bulkit.cssninja.io/assets/images/illustrations/icons/landing-v1/dashboard.svg]
[bulkit.cssninja.io/assets/images/illustrations/icons/landing-v1/components.svg]
[bulkit.cssninja.io/assets/images/illustrations/icons/landing-v1/globe-pointer.svg]
[bulkit.cssninja.io/assets/images/illustrations/icons/landing-v1/cash.svg]
[bulkit.cssninja.io/assets/images/illustrations/icons/landing-v1/credit-card.svg]
[bulkit.cssninja.io/assets/images/illustrations/icons/landing-v1/store.svg]
[bulkit.cssninja.io/assets/images/illustrations/icons/landing-v1/bank.svg]
[bulkit.cssninja.io/assets/images/illustrations/icons/landing-v1/factory.svg]
[bulkit.cssninja.io/assets/images/illustrations/icons/landing-v1/church.svg]
[bulkit.cssninja.io/assets/images/illustrations/icons/landing-v1/warehouse.svg]
[bulkit.cssninja.io/assets/images/illustrations/drawings/green-team.svg]
[bulkit.cssninja.io/assets/images/illustrations/drawings/invoice-cloud.svg]
[bulkit.cssninja.io/assets/images/illustrations/drawings/metrics.svg]
[bulkit.cssninja.io/assets/images/illustrations/drawings/ui.svg]
[bulkit.cssninja.io/assets/images/illustrations/drawings/reports.svg]
[bulkit.cssninja.io/assets/images/illustrations/drawings/messages.svg]
[bulkit.cssninja.io/assets/css/core_deep-blue.css]
[bulkit.cssninja.io/assets/images/illustrations/drawings/communicate.svg]
[bulkit.cssninja.io/assets/images/illustrations/drawings/bub-purple.svg]
[bulkit.cssninja.io/assets/images/illustrations/drawings/bub-blue.svg]
[bulkit.cssninja.io/assets/images/illustrations/drawings/learn.svg]
[bulkit.cssninja.io/assets/images/illustrations/drawings/support-team.svg]
[bulkit.cssninja.io/assets/images/illustrations/drawings/mobile-chat.svg]
[bulkit.cssninja.io/assets/images/illustrations/icons/landing-v2/close-small.svg]
[bulkit.cssninja.io/assets/images/illustrations/mockups/landing3/map.svg]
[bulkit.cssninja.io/assets/css/core_demo.css]
[bulkit.cssninja.io/assets/images/illustrations/mockups/bulkit.png]
[bulkit.cssninja.io/assets/images/photos/captures/landing.png]
[bulkit.cssninja.io/assets/images/photos/captures/landing-features.png]
[bulkit.cssninja.io/assets/images/photos/captures/landing-pricing.png]
[bulkit.cssninja.io/assets/images/photos/captures/landing-login.png]
[bulkit.cssninja.io/assets/images/photos/captures/landing-signup.png]
[bulkit.cssninja.io/assets/images/photos/captures/landing-v1.png]
[bulkit.cssninja.io/assets/images/photos/captures/landing-v1-features.png]
[bulkit.cssninja.io/assets/images/photos/captures/landing-v1-pricing.png]
[bulkit.cssninja.io/assets/images/photos/captures/landing-v1-login.png]
[bulkit.cssninja.io/assets/images/photos/captures/landing-v1-signup.png]
[bulkit.cssninja.io/assets/images/photos/captures/landing-v2.png]
[bulkit.cssninja.io/assets/images/photos/captures/landing-v2-features.png]
[bulkit.cssninja.io/assets/images/photos/captures/landing-v2-pricing.png]
[bulkit.cssninja.io/assets/images/photos/captures/landing-v2-login.png]
[bulkit.cssninja.io/assets/images/photos/captures/landing-v2-signup.png]
[bulkit.cssninja.io/assets/images/photos/captures/landing-v3.png]
[bulkit.cssninja.io/assets/images/photos/captures/landing-v3-pricing.png]
[bulkit.cssninja.io/assets/images/photos/captures/landing-v3-help-center.png]
[bulkit.cssninja.io/assets/images/photos/captures/landing-v3-help-category.png]
[bulkit.cssninja.io/assets/images/photos/captures/landing-v3-help-article.png]
[bulkit.cssninja.io/assets/images/photos/captures/landing-v3-login.png]
[bulkit.cssninja.io/assets/images/photos/captures/landing-v3-signup.png]
[bulkit.cssninja.io/assets/images/photos/captures/startup-home.png]
[bulkit.cssninja.io/assets/images/photos/captures/startup-product.png]
[bulkit.cssninja.io/assets/images/photos/captures/startup-about.png]
[bulkit.cssninja.io/assets/images/photos/captures/startup-contact.png]
[bulkit.cssninja.io/assets/images/photos/captures/startup-login.png]
[bulkit.cssninja.io/assets/images/photos/captures/startup-signup.png]
[bulkit.cssninja.io/assets/images/photos/captures/agency-home.png]
[bulkit.cssninja.io/assets/images/photos/captures/agency-about.png]
[bulkit.cssninja.io/assets/images/photos/captures/agency-portfolio.png]
[bulkit.cssninja.io/assets/images/photos/captures/agency-contact.png]
[bulkit.cssninja.io/assets/images/photos/captures/agency-blog.png]
[bulkit.cssninja.io/assets/images/photos/captures/agency-post-sidebar.png]
[bulkit.cssninja.io/assets/images/photos/captures/agency-post-nosidebar.png]
[bulkit.cssninja.io/assets/images/photos/captures/dashboard.png]
[bulkit.cssninja.io/assets/images/photos/captures/dashboard-dark.png]
[bulkit.cssninja.io/assets/images/photos/captures/dashboard-widgets-data.png]
[bulkit.cssninja.io/assets/images/photos/captures/dashboard-widgets-social.png]
[bulkit.cssninja.io/assets/images/photos/captures/dashboard-feed.png]
[bulkit.cssninja.io/assets/images/photos/captures/dashboard-post.png]
[bulkit.cssninja.io/assets/images/photos/captures/dashboard-chartjs.png]
[bulkit.cssninja.io/assets/images/photos/captures/dashboard-billboardjs.png]
[bulkit.cssninja.io/assets/images/photos/captures/dashboard-peityjs.png]
[bulkit.cssninja.io/assets/images/photos/captures/dashboard-login.png]
[bulkit.cssninja.io/assets/images/photos/captures/dashboard-blank.png]
[bulkit.cssninja.io/assets/images/logos/brands/made-with-bulma--white.png]
[bulkit.cssninja.io/assets/js/pages/index.js]
[bulkit.cssninja.io/index.html]
[bulkit.cssninja.io/assets/images/illustrations/icons/components.svg]
[bulkit.cssninja.io/assets/images/illustrations/icons/demos.svg]
[bulkit.cssninja.io/assets/images/illustrations/icons/modern.svg]
[bulkit.cssninja.io/assets/images/illustrations/icons/dynamic.svg]
[bulkit.cssninja.io/assets/images/illustrations/icons/upload.svg]
[bulkit.cssninja.io/assets/images/illustrations/icons/wallet.svg]
[bulkit.cssninja.io/assets/images/illustrations/icons/building.svg]
[bulkit.cssninja.io/assets/js/ggpopover/ggpopover.css]
[bulkit.cssninja.io/assets/js/highlightjs/style.css]
[bulkit.cssninja.io/assets/images/avatars/funny1.svg]
[bulkit.cssninja.io/assets/images/avatars/funny2.svg]
[bulkit.cssninja.io/assets/images/avatars/funny3.svg]
[bulkit.cssninja.io/assets/js/jqdropdown/jquery.dropdown.css]
[bulkit.cssninja.io/assets/js/chosen/chosen.css]
[bulkit.cssninja.io/assets/js/iziToast/iziToast.min.css]
[bulkit.cssninja.io/assets/js/tagsinput/jquery.tags.input.css]
[bulkit.cssninja.io/assets/js/datepicker/datepicker.css]
[bulkit.cssninja.io/assets/js/datedropper/src/datedropper.eot]
[bulkit.cssninja.io/assets/js/datedropper/src/datedropperd41d.eot]
[bulkit.cssninja.io/assets/js/datedropper/src/datedropper.woff]
[bulkit.cssninja.io/assets/js/datedropper/src/datedropper.ttf]
[bulkit.cssninja.io/assets/js/datedropper/datedropper.css]
[bulkit.cssninja.io/assets/js/datedropper/datedropper-theme.css]
[bulkit.cssninja.io/assets/js/wickedpicker/fonts/fontelloba04.eot]
[bulkit.cssninja.io/assets/js/wickedpicker/fonts/fontelloba04.woff]
[bulkit.cssninja.io/assets/js/wickedpicker/fonts/fontelloba04.ttf]
[bulkit.cssninja.io/assets/js/wickedpicker/wickedpicker.min.css]
[bulkit.cssninja.io/assets/js/timedropper/timedropper.css]
[bulkit.cssninja.io/assets/js/easyAutocomplete/easy-autocomplete.css]
[bulkit.cssninja.io/assets/js/fileuploader/jquery.fileuploader.min.css]
[bulkit.cssninja.io/assets/fonts/text/nexa/NexaLight.woff]
[bulkit.cssninja.io/assets/fonts/text/nexa/NexaLight.ttf]
[bulkit.cssninja.io/assets/fonts/text/nexa/NexaBold.woff]
[bulkit.cssninja.io/assets/fonts/text/nexa/NexaBold.ttf]
[bulkit.cssninja.io/assets/images/bg/demo/laptop-hipster.jpg]
[bulkit.cssninja.io/assets/css/dashboard.css]
[bulkit.cssninja.io/assets/js/jqvmap/jqvmap.min.css]
[bulkit.cssninja.io/assets/images/logos/square-violet.svg]
[bulkit.cssninja.io/assets/images/logos/partners/acme.svg]
[bulkit.cssninja.io/assets/images/logos/square-green.svg]
[bulkit.cssninja.io/assets/images/logos/stacks/chartjs-logo.svg]
[bulkit.cssninja.io/assets/js/billboardjs/billboard.min.css]
[bulkit.cssninja.io/assets/images/logos/stacks/c3js-logo.svg]
[bulkit.cssninja.io/assets/images/logos/stacks/peity-logo.svg]
[bulkit.cssninja.io/assets/images/logos/partners/acme-solo.svg]
[bulkit.cssninja.io/assets/images/logos/stacks/html5.svg]
[bulkit.cssninja.io/assets/images/logos/stacks/bulma.svg]
[bulkit.cssninja.io/assets/images/logos/stacks/sass.svg]
[bulkit.cssninja.io/assets/images/illustrations/components/cards.svg]
[bulkit.cssninja.io/assets/images/illustrations/components/buttons.svg]
[bulkit.cssninja.io/assets/images/illustrations/components/dropdowns.svg]
[bulkit.cssninja.io/assets/images/illustrations/components/lists.svg]
[bulkit.cssninja.io/assets/images/illustrations/components/modals.svg]
[bulkit.cssninja.io/assets/images/illustrations/components/tabs.svg]
[bulkit.cssninja.io/assets/images/illustrations/components/accordion.svg]
[bulkit.cssninja.io/assets/images/illustrations/components/badges.svg]
[bulkit.cssninja.io/assets/images/illustrations/components/popups.svg]
[bulkit.cssninja.io/assets/images/illustrations/components/tables.svg]
[bulkit.cssninja.io/assets/images/illustrations/components/timeline.svg]
[bulkit.cssninja.io/assets/images/illustrations/components/boxes.svg]
[bulkit.cssninja.io/assets/images/illustrations/components/messages.svg]
[bulkit.cssninja.io/assets/images/illustrations/components/inputs.svg]
[bulkit.cssninja.io/assets/images/illustrations/components/controls.svg]
[bulkit.cssninja.io/assets/images/illustrations/components/forms.svg]
[bulkit.cssninja.io/assets/images/illustrations/components/uploader.svg]
[bulkit.cssninja.io/assets/images/illustrations/components/features.svg]
[bulkit.cssninja.io/assets/images/illustrations/components/pricing.svg]
[bulkit.cssninja.io/assets/images/illustrations/components/team.svg]
[bulkit.cssninja.io/assets/images/illustrations/components/testimonials.svg]
[bulkit.cssninja.io/assets/images/illustrations/components/clients.svg]
[bulkit.cssninja.io/assets/images/illustrations/components/counters.svg]
[bulkit.cssninja.io/assets/images/illustrations/components/carousel.svg]
[bulkit.cssninja.io/assets/images/logos/brands/explorer.svg]
[bulkit.cssninja.io/assets/images/logos/brands/edge.svg]
[bulkit.cssninja.io/assets/images/logos/brands/chrome.svg]
[bulkit.cssninja.io/assets/images/logos/brands/firefox.svg]
[bulkit.cssninja.io/assets/images/logos/brands/safari.svg]
[bulkit.cssninja.io/assets/images/logos/brands/opera.svg]
[bulkit.cssninja.io/assets/js/datedropper/src/datedropper.svg]
[bulkit.cssninja.io/assets/js/wickedpicker/fonts/fontelloba04.svg]
[image.ibb.co/gH13KQ/emoji_icon.png]
